[2026-05-10T07:42:10.541Z] POST /api/user/profile-photo
[2026-05-10T07:48:18.746Z] POST /api/user/profile-photo
[2026-05-10T07:48:18.758Z] GLOBAL ERROR: Error: Must supply api_key
    at ensureOption (D:\TRAVELOOP — COMMON PROJECT STRUCTURE\TRAVELOOP — COMMON PROJECT STRUCTURE\backend\node_modules\cloudinary\lib\utils\ensureOption.js:19:13)
    at Object.sign_request (D:\TRAVELOOP — COMMON PROJECT STRUCTURE\TRAVELOOP — COMMON PROJECT STRUCTURE\backend\node_modules\cloudinary\lib\utils\index.js:1154:16)
    at Object.process_request_params (D:\TRAVELOOP — COMMON PROJECT STRUCTURE\TRAVELOOP — COMMON PROJECT STRUCTURE\backend\node_modules\cloudinary\lib\utils\index.js:1206:22)
    at call_api (D:\TRAVELOOP — COMMON PROJECT STRUCTURE\TRAVELOOP — COMMON PROJECT STRUCTURE\backend\node_modules\cloudinary\lib\uploader.js:488:18)
    at Object.upload (D:\TRAVELOOP — COMMON PROJECT STRUCTURE\TRAVELOOP — COMMON PROJECT STRUCTURE\backend\node_modules\cloudinary\lib\uploader.js:55:10)
    at Object.upload_stream (D:\TRAVELOOP — COMMON PROJECT STRUCTURE\TRAVELOOP — COMMON PROJECT STRUCTURE\backend\node_modules\cloudinary\lib\uploader.js:42:18)
    at Object.upload_stream (D:\TRAVELOOP — COMMON PROJECT STRUCTURE\TRAVELOOP — COMMON PROJECT STRUCTURE\backend\node_modules\cloudinary\lib\utils\index.js:1405:21)
    at D:\TRAVELOOP — COMMON PROJECT STRUCTURE\TRAVELOOP — COMMON PROJECT STRUCTURE\backend\node_modules\multer-storage-cloudinary\lib\index.js:128:52
    at new Promise (<anonymous>)
    at CloudinaryStorage.upload (D:\TRAVELOOP — COMMON PROJECT STRUCTURE\TRAVELOOP — COMMON PROJECT STRUCTURE\backend\node_modules\multer-storage-cloudinary\lib\index.js:127:16)
[2026-05-10T07:49:31.052Z] POST /api/user/profile-photo
[2026-05-10T07:49:31.054Z] GLOBAL ERROR: Error: Must supply api_key
    at ensureOption (D:\TRAVELOOP — COMMON PROJECT STRUCTURE\TRAVELOOP — COMMON PROJECT STRUCTURE\backend\node_modules\cloudinary\lib\utils\ensureOption.js:19:13)
    at Object.sign_request (D:\TRAVELOOP — COMMON PROJECT STRUCTURE\TRAVELOOP — COMMON PROJECT STRUCTURE\backend\node_modules\cloudinary\lib\utils\index.js:1154:16)
    at Object.process_request_params (D:\TRAVELOOP — COMMON PROJECT STRUCTURE\TRAVELOOP — COMMON PROJECT STRUCTURE\backend\node_modules\cloudinary\lib\utils\index.js:1206:22)
    at call_api (D:\TRAVELOOP — COMMON PROJECT STRUCTURE\TRAVELOOP — COMMON PROJECT STRUCTURE\backend\node_modules\cloudinary\lib\uploader.js:488:18)
    at Object.upload (D:\TRAVELOOP — COMMON PROJECT STRUCTURE\TRAVELOOP — COMMON PROJECT STRUCTURE\backend\node_modules\cloudinary\lib\uploader.js:55:10)
    at Object.upload_stream (D:\TRAVELOOP — COMMON PROJECT STRUCTURE\TRAVELOOP — COMMON PROJECT STRUCTURE\backend\node_modules\cloudinary\lib\uploader.js:42:18)
    at Object.upload_stream (D:\TRAVELOOP — COMMON PROJECT STRUCTURE\TRAVELOOP — COMMON PROJECT STRUCTURE\backend\node_modules\cloudinary\lib\utils\index.js:1405:21)
    at D:\TRAVELOOP — COMMON PROJECT STRUCTURE\TRAVELOOP — COMMON PROJECT STRUCTURE\backend\node_modules\multer-storage-cloudinary\lib\index.js:128:52
    at new Promise (<anonymous>)
    at CloudinaryStorage.upload (D:\TRAVELOOP — COMMON PROJECT STRUCTURE\TRAVELOOP — COMMON PROJECT STRUCTURE\backend\node_modules\multer-storage-cloudinary\lib\index.js:127:16)
[2026-05-10T07:51:19.783Z] POST /api/user/profile-photo
[2026-05-10T07:51:19.787Z] GLOBAL ERROR: Error: Must supply api_key
    at ensureOption (D:\TRAVELOOP — COMMON PROJECT STRUCTURE\TRAVELOOP — COMMON PROJECT STRUCTURE\backend\node_modules\cloudinary\lib\utils\ensureOption.js:19:13)
    at Object.sign_request (D:\TRAVELOOP — COMMON PROJECT STRUCTURE\TRAVELOOP — COMMON PROJECT STRUCTURE\backend\node_modules\cloudinary\lib\utils\index.js:1154:16)
    at Object.process_request_params (D:\TRAVELOOP — COMMON PROJECT STRUCTURE\TRAVELOOP — COMMON PROJECT STRUCTURE\backend\node_modules\cloudinary\lib\utils\index.js:1206:22)
    at call_api (D:\TRAVELOOP — COMMON PROJECT STRUCTURE\TRAVELOOP — COMMON PROJECT STRUCTURE\backend\node_modules\cloudinary\lib\uploader.js:488:18)
    at Object.upload (D:\TRAVELOOP — COMMON PROJECT STRUCTURE\TRAVELOOP — COMMON PROJECT STRUCTURE\backend\node_modules\cloudinary\lib\uploader.js:55:10)
    at Object.upload_stream (D:\TRAVELOOP — COMMON PROJECT STRUCTURE\TRAVELOOP — COMMON PROJECT STRUCTURE\backend\node_modules\cloudinary\lib\uploader.js:42:18)
    at Object.upload_stream (D:\TRAVELOOP — COMMON PROJECT STRUCTURE\TRAVELOOP — COMMON PROJECT STRUCTURE\backend\node_modules\cloudinary\lib\utils\index.js:1405:21)
    at D:\TRAVELOOP — COMMON PROJECT STRUCTURE\TRAVELOOP — COMMON PROJECT STRUCTURE\backend\node_modules\multer-storage-cloudinary\lib\index.js:128:52
    at new Promise (<anonymous>)
    at CloudinaryStorage.upload (D:\TRAVELOOP — COMMON PROJECT STRUCTURE\TRAVELOOP — COMMON PROJECT STRUCTURE\backend\node_modules\multer-storage-cloudinary\lib\index.js:127:16)
[2026-05-10T07:53:54.544Z] POST /api/user/profile-photo
[2026-05-10T07:53:59.621Z] GLOBAL ERROR: [object Object]
[2026-05-10T07:54:21.003Z] POST /api/user/profile-photo
[2026-05-10T08:14:29.954Z] POST /api/user/profile-photo
[2026-05-10T08:33:01.048Z] GET /api/trips
[2026-05-10T08:33:01.077Z] GET /api/trips
[2026-05-10T08:33:11.519Z] GET /api/trips
[2026-05-10T08:33:16.649Z] GET /trips
[2026-05-10T08:33:23.795Z] GET /api/trips
[2026-05-10T08:33:23.816Z] GET /api/trips
[2026-05-10T08:35:58.424Z] POST /api/trips
[2026-05-10T08:36:22.697Z] GET /
[2026-05-10T08:36:23.047Z] GET /favicon.ico
[2026-05-10T08:36:26.781Z] GET /api
[2026-05-10T08:36:40.144Z] GET /api/trips
[2026-05-10T08:36:40.161Z] GET /api/trips
[2026-05-10T08:36:59.162Z] GET /trips
[2026-05-10T08:36:59.168Z] GET /api/trips
[2026-05-10T08:36:59.175Z] GET /api/v1/trips
[2026-05-10T08:36:59.183Z] GET /health
[2026-05-10T08:37:05.088Z] GET /api/trips
[2026-05-10T08:37:10.508Z] GET /trips
[2026-05-10T08:37:48.444Z] GET /api/trips
[2026-05-10T08:37:48.449Z] GET /api/trips
[2026-05-10T08:37:59.844Z] GET /
[2026-05-10T08:38:06.848Z] GET /api/trips
[2026-05-10T08:43:35.555Z] GET /api/trips
[2026-05-10T08:43:38.014Z] GET /api/trips
[2026-05-10T08:44:12.136Z] GET /api/trips
[2026-05-10T08:44:14.545Z] GET /api/trips
[2026-05-10T08:44:53.318Z] POST /api/trips
[2026-05-10T08:45:18.595Z] GET /api/trips
[2026-05-10T08:45:32.609Z] GET /api/trips
[2026-05-10T08:45:34.717Z] GET /api/trips
[2026-05-10T08:45:54.569Z] GET /api/trips
[2026-05-10T08:46:45.049Z] POST /api/trips
[2026-05-10T08:47:36.824Z] GET /api/trips
[2026-05-10T08:47:39.332Z] GET /api/trips
[2026-05-10T08:47:42.530Z] GET /api/trips
[2026-05-10T08:47:44.681Z] GET /api/trips
[2026-05-10T08:47:48.686Z] GET /api/trips
[2026-05-10T08:47:51.629Z] GET /api/trips
[2026-05-10T08:48:18.662Z] GET /api/trips
[2026-05-10T08:48:21.846Z] GET /api/trips
[2026-05-10T08:52:28.648Z] GET /api/trips
[2026-05-10T08:54:00.745Z] GET /api/trips
[2026-05-10T08:55:07.066Z] GET /api/trips
[2026-05-10T09:02:00.122Z] GET /api/trips
[2026-05-10T09:02:03.756Z] GET /api/trips
[2026-05-10T09:07:36.898Z] GET /api/trips
[2026-05-10T09:08:31.854Z] GET /api/trips
[2026-05-10T09:08:34.111Z] GET /api/trips
[2026-05-10T09:08:41.654Z] GET /api/trips
[2026-05-10T09:08:42.186Z] GET /api/trips
[2026-05-10T09:08:45.753Z] GET /api/trips
[2026-05-10T09:08:46.304Z] GET /api/trips
[2026-05-10T09:08:58.920Z] GET /api/trips
[2026-05-10T09:09:02.567Z] GET /api/trips
[2026-05-10T09:11:04.696Z] POST /api/trips
[2026-05-10T09:11:07.724Z] GET /api/trips
[2026-05-10T09:11:08.327Z] GET /api/trips
[2026-05-10T09:11:15.531Z] GET /api/trips
[2026-05-10T09:11:16.141Z] GET /api/trips
[2026-05-10T09:11:46.642Z] GET /api/trips
[2026-05-10T09:12:17.232Z] GET /api/trips
[2026-05-10T09:12:20.529Z] GET /api/trips
[2026-05-10T09:12:33.701Z] GET /api/trips
[2026-05-10T09:12:37.926Z] GET /api/trips
[2026-05-10T09:13:02.752Z] GET /api/trips
[2026-05-10T09:13:05.967Z] GET /api/trips
[2026-05-10T09:13:09.261Z] GET /api/trips
[2026-05-10T09:13:11.931Z] GET /api/trips
[2026-05-10T09:13:14.873Z] GET /api/trips
[2026-05-10T09:13:17.136Z] GET /api/trips
[2026-05-10T09:13:29.827Z] GET /api/trips
[2026-05-10T09:13:33.334Z] GET /api/trips
[2026-05-10T09:14:34.925Z] GET /api/trips
[2026-05-10T09:14:37.130Z] GET /api/trips
[2026-05-10T09:16:28.050Z] GET /api/trips
[2026-05-10T09:17:48.674Z] GET /api/trips
[2026-05-10T09:20:14.870Z] GET /api/trips
[2026-05-10T09:20:41.423Z] GET /api/trips
[2026-05-10T09:20:44.951Z] GET /api/trips
[2026-05-10T09:20:52.674Z] GET /api/trips
[2026-05-10T09:20:53.156Z] GET /api/trips
[2026-05-10T09:20:56.767Z] GET /api/trips
[2026-05-10T09:20:57.260Z] GET /api/trips
[2026-05-10T09:20:59.292Z] GET /api/trips
[2026-05-10T09:20:59.809Z] GET /api/trips
[2026-05-10T09:27:54.952Z] GET /api/trips
[2026-05-10T09:27:57.288Z] GET /api/trips
[2026-05-10T09:27:59.972Z] GET /api/trips
[2026-05-10T09:28:02.020Z] GET /api/trips
[2026-05-10T09:31:32.786Z] GET /api/trips
[2026-05-10T09:32:29.699Z] GET /api/trips
[2026-05-10T09:32:29.707Z] GET /api/trips
[2026-05-10T09:32:31.266Z] GET /api/trips
[2026-05-10T09:32:31.841Z] GET /api/trips
[2026-05-10T09:32:40.475Z] GET /api/trips
[2026-05-10T09:32:40.479Z] GET /api/trips
[2026-05-10T09:32:49.971Z] GET /api/trips
[2026-05-10T09:32:49.976Z] GET /api/trips
[2026-05-10T09:32:51.324Z] GET /api/trips
[2026-05-10T09:32:51.329Z] GET /api/trips
[2026-05-10T09:34:57.144Z] GET /api/trips
[2026-05-10T09:34:57.160Z] GET /api/trips
[2026-05-10T09:34:58.698Z] GET /api/trips
[2026-05-10T09:34:58.702Z] GET /api/trips
[2026-05-10T09:34:59.822Z] GET /api/trips
[2026-05-10T09:34:59.827Z] GET /api/trips
[2026-05-10T09:35:04.809Z] GET /api/trips
[2026-05-10T09:35:04.815Z] GET /api/trips
[2026-05-10T09:36:13.328Z] POST /api/trips
[2026-05-10T09:37:23.511Z] POST /api/trips
[2026-05-10T09:39:24.497Z] POST /api/trips
[2026-05-10T09:41:12.485Z] POST /api/trips
[2026-05-10T09:41:12.510Z] GET /api/trips
[2026-05-10T09:41:12.516Z] GET /api/trips
[2026-05-10T09:41:38.836Z] POST /api/trips
[2026-05-10T09:41:38.858Z] GET /api/trips
[2026-05-10T09:41:38.863Z] GET /api/trips
[2026-05-10T09:44:00.898Z] POST /api/trips
[2026-05-10T09:44:00.918Z] GET /api/trips
[2026-05-10T09:44:00.924Z] GET /api/trips
[2026-05-10T09:45:05.732Z] POST /api/trips
[2026-05-10T09:45:05.752Z] GET /api/trips
[2026-05-10T09:45:05.757Z] GET /api/trips
[2026-05-10T09:46:09.401Z] GET /api/trips
[2026-05-10T09:46:56.430Z] GET /api/trips
[2026-05-10T09:49:18.819Z] GET /api/trips
[2026-05-10T09:50:36.145Z] GET /api/trips
[2026-05-10T09:55:54.300Z] GET /api/trips
[2026-05-10T09:55:58.207Z] GET /api/trips
[2026-05-10T09:56:32.519Z] GET /api/trips
[2026-05-10T09:56:49.277Z] GET /api/trips
[2026-05-10T09:56:52.755Z] GET /api/trips
[2026-05-10T09:56:57.871Z] GET /api/trips
[2026-05-10T09:56:58.482Z] GET /api/trips
[2026-05-10T09:57:35.758Z] POST /api/trips
[2026-05-10T09:57:39.456Z] GET /api/trips
[2026-05-10T09:57:40.061Z] GET /api/trips
[2026-05-10T09:57:45.939Z] GET /api/trips
[2026-05-10T09:57:46.514Z] GET /api/trips
[2026-05-10T09:57:59.764Z] GET /api/trips
[2026-05-10T09:58:02.165Z] GET /api/trips
[2026-05-10T09:58:11.519Z] POST /api/user/profile-photo
[2026-05-10T09:59:19.299Z] GET /api/trips
[2026-05-10T09:59:23.074Z] GET /api/trips
[2026-05-10T09:59:27.162Z] GET /api/trips
[2026-05-10T09:59:27.783Z] GET /api/trips
[2026-05-10T10:00:39.523Z] GET /api/trips
[2026-05-10T10:00:42.929Z] GET /api/trips
[2026-05-10T10:00:44.748Z] GET /api/trips
[2026-05-10T10:00:47.821Z] GET /api/trips
[2026-05-10T10:00:51.848Z] GET /api/trips
[2026-05-10T10:00:54.554Z] GET /api/trips
[2026-05-10T10:02:07.716Z] GET /api/trips
[2026-05-10T10:02:11.740Z] GET /api/trips
[2026-05-10T10:05:46.278Z] GET /api/trips
[2026-05-10T10:05:49.187Z] GET /api/trips
[2026-05-10T10:07:56.736Z] GET /api/trips
[2026-05-10T10:08:30.596Z] GET /api/trips
[2026-05-10T10:08:53.874Z] GET /
[2026-05-10T10:09:26.968Z] GET /api/trips
[2026-05-10T10:09:56.175Z] GET /api/trips
[2026-05-10T10:12:04.876Z] GET /api/trips
[2026-05-10T10:12:43.114Z] GET /api/trips
[2026-05-10T10:14:15.812Z] GET /api/trips
[2026-05-10T10:14:17.883Z] GET /api/trips
[2026-05-10T10:16:08.462Z] GET /api/trips
[2026-05-10T10:16:11.048Z] GET /api/trips
[2026-05-10T10:16:28.625Z] GET /api/trips
[2026-05-10T10:16:32.755Z] GET /api/trips
[2026-05-10T10:16:33.445Z] GET /api/trips
[2026-05-10T10:16:34.095Z] GET /api/trips
[2026-05-10T10:20:48.900Z] GET /api/trips
[2026-05-10T10:20:51.119Z] GET /api/trips
[2026-05-10T10:21:20.255Z] GET /api/trips
[2026-05-10T10:21:22.348Z] GET /api/trips
[2026-05-10T10:27:25.850Z] GET /api/trips
[2026-05-10T10:27:27.600Z] GET /api/trips
[2026-05-10T10:29:21.028Z] GET /api/trips
[2026-05-10T10:29:22.894Z] GET /api/trips
[2026-05-10T10:29:30.140Z] GET /api/trips
[2026-05-10T10:29:30.606Z] GET /api/trips
[2026-05-10T10:29:31.902Z] GET /api/trips
[2026-05-10T10:29:32.362Z] GET /api/trips
[2026-05-10T10:29:33.166Z] GET /api/trips
[2026-05-10T10:29:33.625Z] GET /api/trips
[2026-05-10T10:30:15.166Z] GET /api/trips
[2026-05-10T10:30:16.994Z] GET /api/trips
[2026-05-10T10:30:17.449Z] GET /api/trips
[2026-05-10T10:30:17.903Z] GET /api/trips
[2026-05-10T10:31:52.250Z] GET /api/trips
[2026-05-10T10:31:54.038Z] GET /api/trips
[2026-05-10T10:34:39.085Z] GET /api/trips
[2026-05-10T10:34:40.922Z] GET /api/trips
[2026-05-10T10:39:06.136Z] GET /api/trips
[2026-05-10T10:39:08.582Z] GET /api/trips
[2026-05-10T10:39:24.985Z] GET /api/trips
[2026-05-10T10:39:28.456Z] GET /api/trips
[2026-05-10T10:39:33.050Z] GET /api/trips
[2026-05-10T10:39:33.663Z] GET /api/trips
[2026-05-10T10:39:36.061Z] GET /api/trips
[2026-05-10T10:39:36.614Z] GET /api/trips
[2026-05-10T10:39:53.202Z] POST /api/trips
[2026-05-10T10:39:55.921Z] GET /api/trips
[2026-05-10T10:39:56.506Z] GET /api/trips
[2026-05-10T10:41:03.849Z] GET /api/trips
[2026-05-10T10:41:06.034Z] GET /api/trips
[2026-05-10T10:42:47.712Z] GET /api/trips
[2026-05-10T10:42:51.309Z] GET /api/trips
[2026-05-10T10:42:53.106Z] GET /api/trips
[2026-05-10T10:42:53.677Z] GET /api/trips
[2026-05-10T10:42:59.063Z] GET /api/trips
[2026-05-10T10:42:59.501Z] GET /api/trips
